node.exe : npm 
warn Unknown 
project config "all
ow-build-scripts". 
This will stop 
working in the 
next major version 
of npm.
At line:1 char:1
+ & "C:\Program Fil
es\nodejs/node.exe"
 "C:\Program Files\
nodejs/node_mo ...
+ ~~~~~~~~~~~~~~~~~
~~~~~~~~~~~~~~~~~~~
~~~~~~~~~~~~~~~~~~~
~~~~~~~~~~~~~~
    + CategoryInfo 
             : No  
  tSpecified: (n   
 pm warn Unknow    
...version of     
npm.:String) [    
], RemoteExcep    
tion
    + FullyQualifi 
   edErrorId : Na  
  tiveCommandErr   
 or
 
[34mΓä╣[39m tsdown [2mv0.20.3[22m powered by rolldown [2mv1.0.0-rc.3[22m
[34mΓä╣[39m config file: [4mC:\Users\4HIN\source\openclaw\tsdown.config.ts[24m 
[34mΓä╣[39m entry: [34msrc\index.ts[39m
[34mΓä╣[39m target: [34mnode22.12.0[39m
[34mΓä╣[39m tsconfig: [34mtsconfig.json[39m
[34mΓä╣[39m entry: [34msrc\plugin-sdk\index.ts[39m
[34mΓä╣[39m target: [34mnode22.12.0[39m
[34mΓä╣[39m tsconfig: [34mtsconfig.json[39m
[34mΓä╣[39m entry: [34msrc\extensionAPI.ts[39m
[34mΓä╣[39m target: [34mnode22.12.0[39m
[34mΓä╣[39m tsconfig: [34mtsconfig.json[39m
[34mΓä╣[39m entry: [34msrc\entry.ts[39m
[34mΓä╣[39m target: [34mnode22.12.0[39m
[34mΓä╣[39m tsconfig: [34mtsconfig.json[39m
[34mΓä╣[39m entry: [34msrc\infra\warning-filter.ts[39m
[34mΓä╣[39m target: [34mnode22.12.0[39m
[34mΓä╣[39m tsconfig: [34mtsconfig.json[39m
[34mΓä╣[39m entry: [34msrc\hooks\llm-slug-generator.ts, src\hooks\bundled\boot-md\handler.ts, src\hooks\bundled\session-memory\handler.ts, src\hooks\bundled\command-logger\handler.ts[39m
[34mΓä╣[39m target: [34mnode22.12.0[39m
[34mΓä╣[39m tsconfig: [34mtsconfig.json[39m
[34mΓä╣[39m Build start

[41m ERROR [49m 
Error: Build 
failed with 1 
error:

[31m[PARSE_ERROR] 
Error:[0m 
Unterminated string
    [38;5;246mΓò¡
[0m[38;5;246mΓöÇ[
0m[38;5;246m[[0m 
src/index.ts:29:8 
[38;5;246m][0m
    
[38;5;246mΓöé[0m
 [38;5;246m29 
Γöé[0m [38;5;249m
}[0m[38;5;249m [
0m[38;5;249mf[0m
[38;5;249mr[0m[38
;5;249mo[0m[38;5;
249mm[0m[38;5;249
m [0m"./i#!/usr/bi
n/env node
 [38;5;240m   
Γöé[0m        ΓöÇΓ
öÇΓöÇΓöÇΓöÇΓöÇΓöÇΓö
ÇΓöÇΓöÇΓöÇΓöÇΓö¼ΓöÇ
ΓöÇΓöÇΓöÇΓöÇΓöÇΓöÇΓ
öÇΓöÇΓöÇΓöÇ  
 [38;5;240m   
Γöé[0m            
        Γò░ΓöÇΓöÇΓö
ÇΓöÇΓöÇΓöÇΓöÇΓöÇΓöÇ
ΓöÇΓöÇΓöÇΓöÇ 
[38;5;246mΓöÇΓöÇΓö
ÇΓöÇΓò»[0m

    at aggregateBin
dingErrorsIntoJsErr
or (file:///C:/User
s/4HIN/source/openc
law/node_modules/.p
npm/rolldown@1.0.0-
rc.3/node_modules/r
olldown/dist/shared
/bindingify-input-o
ptions-CorDub0q.mjs
:628:18)
    at unwrapBindin
gResult (file:///C:
/Users/4HIN/source/
openclaw/node_modul
es/.pnpm/rolldown@1
.0.0-rc.3/node_modu
les/rolldown/dist/s
hared/bindingify-in
put-options-CorDub0
q.mjs:598:128)
    at #build (file
:///C:/Users/4HIN/s
ource/openclaw/node
_modules/.pnpm/roll
down@1.0.0-rc.3/nod
e_modules/rolldown/
dist/shared/rolldow
n-build-CGNuOAoF.mj
s:3345:34)
    at async build 
(file:///C:/Users/4
HIN/source/openclaw
/node_modules/.pnpm
/rolldown@1.0.0-rc.
3/node_modules/roll
down/dist/index.mjs
:47:22)
    at async 
Promise.all (index 
0)
    at async 
buildSingle (file:/
//C:/Users/4HIN/sou
rce/openclaw/node_m
odules/.pnpm/tsdown
@0.20.3_@typescript
+n_3fbf2708d84e69bf
eed1819434769c68/no
de_modules/tsdown/d
ist/build-C5RQkVSf.
mjs:852:19)
    at async 
Promise.all (index 
0)
    at async 
buildWithConfigs (f
ile:///C:/Users/4HI
N/source/openclaw/n
ode_modules/.pnpm/t
sdown@0.20.3_@types
cript+n_3fbf2708d84
e69bfeed1819434769c
68/node_modules/tsd
own/dist/build-C5RQ
kVSf.mjs:813:18)
    at async 
CAC.<anonymous> (fi
le:///C:/Users/4HIN
/source/openclaw/no
de_modules/.pnpm/ts
down@0.20.3_@typesc
ript+n_3fbf2708d84e
69bfeed1819434769c6
8/node_modules/tsdo
wn/dist/run.mjs:23:
2)
    at async 
runCLI (file:///C:/
Users/4HIN/source/o
penclaw/node_module
s/.pnpm/tsdown@0.20
.3_@typescript+n_3f
bf2708d84e69bfeed18
19434769c68/node_mo
dules/tsdown/dist/r
un.mjs:47:3)

